node.exe : FAIL 
test/auth.e2e-spec.ts
At line:1 char:1
+ & "C:\Program Files
\nodejs/node.exe" 
"C:\Program 
Files\nodejs/node_mo 
...
+ ~~~~~~~~~~~~~~~~~~~
~~~~~~~~~~~~~~~~~~~~~
~~~~~~~~~~~~~~~~~~~~~
~~~~~~~~
    + CategoryInfo   
           : NotSpe  
  cified: (FAIL te   
 st/auth.e2e-spec    
.ts:String) [],     
RemoteException
    + FullyQualified 
   ErrorId : Native  
  CommandError
 
  ΓùÅ Test suite 
failed to run

    Jest encountered 
an unexpected token

    Jest failed to 
parse a file. This 
happens e.g. when 
your code or its 
dependencies use 
non-standard 
JavaScript syntax, 
or when Jest is not 
configured to 
support such syntax.

    Out of the box 
Jest supports Babel, 
which will be used 
to transform your 
files into valid JS 
based on your Babel 
configuration.

    By default 
"node_modules" 
folder is ignored by 
transformers.

    Here's what you 
can do:
     ΓÇó If you are 
trying to use 
ECMAScript Modules, 
see https://jestjs.io
/docs/ecmascript-modu
les for how to 
enable it.
     ΓÇó If you are 
trying to use 
TypeScript, see https
://jestjs.io/docs/get
ting-started#using-ty
pescript
     ΓÇó To have 
some of your 
"node_modules" files 
transformed, you can 
specify a custom "tra
nsformIgnorePatterns"
 in your config.
     ΓÇó If you need 
a custom 
transformation, 
specify a 
"transform" option 
in your config.
     ΓÇó If you 
simply want to mock 
your non-JS modules 
(e.g. binary assets) 
you can stub them 
out with the 
"moduleNameMapper" 
config option.

    You'll find more 
details and examples 
of these config 
options in the docs:
    https://jestjs.io
/docs/configuration
    For information 
about custom 
transformations, see:
    https://jestjs.io
/docs/code-transforma
tion

    Details:

    C:\Users\SHAH HAR
SH\.gemini\antigravit
y\scratch\ecommerce-a
dmin-panel\backend\no
de_modules\uuid\dist-
node\index.js:1
    export { default 
as MAX } from 
'./max.js';
    ^^^^^^

    SyntaxError: 
Unexpected token 
'export'

    [0m [90m  9 
|[39m 
[36mimport[39m { 
diskStorage } 
[36mfrom[39m [32m'
multer'[39m[33m;[3
9m
     [90m 10 |[39m 
[36mimport[39m { 
extname } 
[36mfrom[39m [32m'
path'[39m[33m;[39m
    [31m[1m>[22m[
39m[90m 11 |[39m 
[36mimport[39m { 
v4 [36mas[39m 
uuidv4 } 
[36mfrom[39m [32m'
uuid'[39m[33m;[39m
     [90m    |[39m 
[31m[1m^[22m[39m
     [90m 12 |[39m 
[36mimport[39m { [
33mCloudinaryService
[39m } 
[36mfrom[39m [32m'
../common/services/cl
oudinary.service'[39
m[33m;[39m
     [90m 13 |[39m 
[36mimport[39m { 
[33mRoles[39m } 
[36mfrom[39m [32m'
../common/decorators/
roles.decorator'[39m
[33m;[39m
     [90m 14 |[39m 
[36mimport[39m { 
[33mRole[39m } 
[36mfrom[39m [32m'
@prisma/client'[39m
[33m;[39m[0m

      at Runtime.crea
teScriptFromCode (../
node_modules/jest-run
time/build/index.js:1
318:40)
      at 
Object.<anonymous> (.
./src/products/upload
.controller.ts:11:1)
      at 
Object.<anonymous> (.
./src/products/produc
ts.module.ts:6:1)
      at 
Object.<anonymous> (.
./src/app.module.ts:1
4:1)
      at 
Object.<anonymous> (a
uth.e2e-spec.ts:4:1)

FAIL test/isolation.e
2e-spec.ts
  ΓùÅ Test suite 
failed to run

    Jest encountered 
an unexpected token

    Jest failed to 
parse a file. This 
happens e.g. when 
your code or its 
dependencies use 
non-standard 
JavaScript syntax, 
or when Jest is not 
configured to 
support such syntax.

    Out of the box 
Jest supports Babel, 
which will be used 
to transform your 
files into valid JS 
based on your Babel 
configuration.

    By default 
"node_modules" 
folder is ignored by 
transformers.

    Here's what you 
can do:
     ΓÇó If you are 
trying to use 
ECMAScript Modules, 
see https://jestjs.io
/docs/ecmascript-modu
les for how to 
enable it.
     ΓÇó If you are 
trying to use 
TypeScript, see https
://jestjs.io/docs/get
ting-started#using-ty
pescript
     ΓÇó To have 
some of your 
"node_modules" files 
transformed, you can 
specify a custom "tra
nsformIgnorePatterns"
 in your config.
     ΓÇó If you need 
a custom 
transformation, 
specify a 
"transform" option 
in your config.
     ΓÇó If you 
simply want to mock 
your non-JS modules 
(e.g. binary assets) 
you can stub them 
out with the 
"moduleNameMapper" 
config option.

    You'll find more 
details and examples 
of these config 
options in the docs:
    https://jestjs.io
/docs/configuration
    For information 
about custom 
transformations, see:
    https://jestjs.io
/docs/code-transforma
tion

    Details:

    C:\Users\SHAH HAR
SH\.gemini\antigravit
y\scratch\ecommerce-a
dmin-panel\backend\no
de_modules\uuid\dist-
node\index.js:1
    export { default 
as MAX } from 
'./max.js';
    ^^^^^^

    SyntaxError: 
Unexpected token 
'export'

    [0m [90m  9 
|[39m 
[36mimport[39m { 
diskStorage } 
[36mfrom[39m [32m'
multer'[39m[33m;[3
9m
     [90m 10 |[39m 
[36mimport[39m { 
extname } 
[36mfrom[39m [32m'
path'[39m[33m;[39m
    [31m[1m>[22m[
39m[90m 11 |[39m 
[36mimport[39m { 
v4 [36mas[39m 
uuidv4 } 
[36mfrom[39m [32m'
uuid'[39m[33m;[39m
     [90m    |[39m 
[31m[1m^[22m[39m
     [90m 12 |[39m 
[36mimport[39m { [
33mCloudinaryService
[39m } 
[36mfrom[39m [32m'
../common/services/cl
oudinary.service'[39
m[33m;[39m
     [90m 13 |[39m 
[36mimport[39m { 
[33mRoles[39m } 
[36mfrom[39m [32m'
../common/decorators/
roles.decorator'[39m
[33m;[39m
     [90m 14 |[39m 
[36mimport[39m { 
[33mRole[39m } 
[36mfrom[39m [32m'
@prisma/client'[39m
[33m;[39m[0m

      at Runtime.crea
teScriptFromCode (../
node_modules/jest-run
time/build/index.js:1
318:40)
      at 
Object.<anonymous> (.
./src/products/upload
.controller.ts:11:1)
      at 
Object.<anonymous> (.
./src/products/produc
ts.module.ts:6:1)
      at 
Object.<anonymous> (.
./src/app.module.ts:1
4:1)
      at 
Object.<anonymous> (i
solation.e2e-spec.ts:
7:1)

FAIL 
test/app.e2e-spec.ts
  ΓùÅ Test suite 
failed to run

    Jest encountered 
an unexpected token

    Jest failed to 
parse a file. This 
happens e.g. when 
your code or its 
dependencies use 
non-standard 
JavaScript syntax, 
or when Jest is not 
configured to 
support such syntax.

    Out of the box 
Jest supports Babel, 
which will be used 
to transform your 
files into valid JS 
based on your Babel 
configuration.

    By default 
"node_modules" 
folder is ignored by 
transformers.

    Here's what you 
can do:
     ΓÇó If you are 
trying to use 
ECMAScript Modules, 
see https://jestjs.io
/docs/ecmascript-modu
les for how to 
enable it.
     ΓÇó If you are 
trying to use 
TypeScript, see https
://jestjs.io/docs/get
ting-started#using-ty
pescript
     ΓÇó To have 
some of your 
"node_modules" files 
transformed, you can 
specify a custom "tra
nsformIgnorePatterns"
 in your config.
     ΓÇó If you need 
a custom 
transformation, 
specify a 
"transform" option 
in your config.
     ΓÇó If you 
simply want to mock 
your non-JS modules 
(e.g. binary assets) 
you can stub them 
out with the 
"moduleNameMapper" 
config option.

    You'll find more 
details and examples 
of these config 
options in the docs:
    https://jestjs.io
/docs/configuration
    For information 
about custom 
transformations, see:
    https://jestjs.io
/docs/code-transforma
tion

    Details:

    C:\Users\SHAH HAR
SH\.gemini\antigravit
y\scratch\ecommerce-a
dmin-panel\backend\no
de_modules\uuid\dist-
node\index.js:1
    export { default 
as MAX } from 
'./max.js';
    ^^^^^^

    SyntaxError: 
Unexpected token 
'export'

    [0m [90m  9 
|[39m 
[36mimport[39m { 
diskStorage } 
[36mfrom[39m [32m'
multer'[39m[33m;[3
9m
     [90m 10 |[39m 
[36mimport[39m { 
extname } 
[36mfrom[39m [32m'
path'[39m[33m;[39m
    [31m[1m>[22m[
39m[90m 11 |[39m 
[36mimport[39m { 
v4 [36mas[39m 
uuidv4 } 
[36mfrom[39m [32m'
uuid'[39m[33m;[39m
     [90m    |[39m 
[31m[1m^[22m[39m
     [90m 12 |[39m 
[36mimport[39m { [
33mCloudinaryService
[39m } 
[36mfrom[39m [32m'
../common/services/cl
oudinary.service'[39
m[33m;[39m
     [90m 13 |[39m 
[36mimport[39m { 
[33mRoles[39m } 
[36mfrom[39m [32m'
../common/decorators/
roles.decorator'[39m
[33m;[39m
     [90m 14 |[39m 
[36mimport[39m { 
[33mRole[39m } 
[36mfrom[39m [32m'
@prisma/client'[39m
[33m;[39m[0m

      at Runtime.crea
teScriptFromCode (../
node_modules/jest-run
time/build/index.js:1
318:40)
      at 
Object.<anonymous> (.
./src/products/upload
.controller.ts:11:1)
      at 
Object.<anonymous> (.
./src/products/produc
ts.module.ts:6:1)
      at 
Object.<anonymous> (.
./src/app.module.ts:1
4:1)
      at 
Object.<anonymous> 
(app.e2e-spec.ts:5:1)

Test Suites: 3 
failed, 3 total
Tests:       0 total
Snapshots:   0 total
Time:        1.612 s
Ran all test suites.
