test/isolation.e2e-spec.ts(30,22): error TS2339: Property 'user' does not exist on type 'PrismaService'.
test/isolation.e2e-spec.ts(31,22): error TS2339: Property 'product' does not exist on type 'PrismaService'.
test/isolation.e2e-spec.ts(32,22): error TS2339: Property 'store' does not exist on type 'PrismaService'.
test/isolation.e2e-spec.ts(39,37): error TS2339: Property 'store' does not exist on type 'PrismaService'.
test/isolation.e2e-spec.ts(43,22): error TS2339: Property 'user' does not exist on type 'PrismaService'.
test/isolation.e2e-spec.ts(55,37): error TS2339: Property 'store' does not exist on type 'PrismaService'.
test/isolation.e2e-spec.ts(58,39): error TS2339: Property 'product' does not exist on type 'PrismaService'.
